###############################################################################
#
# IAR ELF Linker V8.40.1.212/W32 for ARM                  16/Nov/2020  01:34:36
# Copyright 2007-2019 IAR Systems AB.
#
#    Output file  =
#        C:\UW_GitRepo\embsys310\assignment03\blinkLedCubeTool\blinkLedCubeTool\EWARM\blinkLedCubeTool\Exe\blinkLedCubeTool.out
#    Map file     =
#        C:\UW_GitRepo\embsys310\assignment03\blinkLedCubeTool\blinkLedCubeTool\EWARM\blinkLedCubeTool\List\blinkLedCubeTool.map
#    Command line =
#        -f C:\Users\navde\AppData\Local\Temp\EW5B6C.tmp
#        (C:\UW_GitRepo\embsys310\assignment03\blinkLedCubeTool\blinkLedCubeTool\EWARM\blinkLedCubeTool\Obj\main.o
#        C:\UW_GitRepo\embsys310\assignment03\blinkLedCubeTool\blinkLedCubeTool\EWARM\blinkLedCubeTool\Obj\startup_stm32l475xx.o
#        C:\UW_GitRepo\embsys310\assignment03\blinkLedCubeTool\blinkLedCubeTool\EWARM\blinkLedCubeTool\Obj\stm32l4xx_hal.o
#        C:\UW_GitRepo\embsys310\assignment03\blinkLedCubeTool\blinkLedCubeTool\EWARM\blinkLedCubeTool\Obj\stm32l4xx_hal_cortex.o
#        C:\UW_GitRepo\embsys310\assignment03\blinkLedCubeTool\blinkLedCubeTool\EWARM\blinkLedCubeTool\Obj\stm32l4xx_hal_dma.o
#        C:\UW_GitRepo\embsys310\assignment03\blinkLedCubeTool\blinkLedCubeTool\EWARM\blinkLedCubeTool\Obj\stm32l4xx_hal_dma_ex.o
#        C:\UW_GitRepo\embsys310\assignment03\blinkLedCubeTool\blinkLedCubeTool\EWARM\blinkLedCubeTool\Obj\stm32l4xx_hal_exti.o
#        C:\UW_GitRepo\embsys310\assignment03\blinkLedCubeTool\blinkLedCubeTool\EWARM\blinkLedCubeTool\Obj\stm32l4xx_hal_flash.o
#        C:\UW_GitRepo\embsys310\assignment03\blinkLedCubeTool\blinkLedCubeTool\EWARM\blinkLedCubeTool\Obj\stm32l4xx_hal_flash_ex.o
#        C:\UW_GitRepo\embsys310\assignment03\blinkLedCubeTool\blinkLedCubeTool\EWARM\blinkLedCubeTool\Obj\stm32l4xx_hal_flash_ramfunc.o
#        C:\UW_GitRepo\embsys310\assignment03\blinkLedCubeTool\blinkLedCubeTool\EWARM\blinkLedCubeTool\Obj\stm32l4xx_hal_gpio.o
#        C:\UW_GitRepo\embsys310\assignment03\blinkLedCubeTool\blinkLedCubeTool\EWARM\blinkLedCubeTool\Obj\stm32l4xx_hal_i2c.o
#        C:\UW_GitRepo\embsys310\assignment03\blinkLedCubeTool\blinkLedCubeTool\EWARM\blinkLedCubeTool\Obj\stm32l4xx_hal_i2c_ex.o
#        C:\UW_GitRepo\embsys310\assignment03\blinkLedCubeTool\blinkLedCubeTool\EWARM\blinkLedCubeTool\Obj\stm32l4xx_hal_msp.o
#        C:\UW_GitRepo\embsys310\assignment03\blinkLedCubeTool\blinkLedCubeTool\EWARM\blinkLedCubeTool\Obj\stm32l4xx_hal_pwr.o
#        C:\UW_GitRepo\embsys310\assignment03\blinkLedCubeTool\blinkLedCubeTool\EWARM\blinkLedCubeTool\Obj\stm32l4xx_hal_pwr_ex.o
#        C:\UW_GitRepo\embsys310\assignment03\blinkLedCubeTool\blinkLedCubeTool\EWARM\blinkLedCubeTool\Obj\stm32l4xx_hal_rcc.o
#        C:\UW_GitRepo\embsys310\assignment03\blinkLedCubeTool\blinkLedCubeTool\EWARM\blinkLedCubeTool\Obj\stm32l4xx_hal_rcc_ex.o
#        C:\UW_GitRepo\embsys310\assignment03\blinkLedCubeTool\blinkLedCubeTool\EWARM\blinkLedCubeTool\Obj\stm32l4xx_hal_tim.o
#        C:\UW_GitRepo\embsys310\assignment03\blinkLedCubeTool\blinkLedCubeTool\EWARM\blinkLedCubeTool\Obj\stm32l4xx_hal_tim_ex.o
#        C:\UW_GitRepo\embsys310\assignment03\blinkLedCubeTool\blinkLedCubeTool\EWARM\blinkLedCubeTool\Obj\stm32l4xx_it.o
#        C:\UW_GitRepo\embsys310\assignment03\blinkLedCubeTool\blinkLedCubeTool\EWARM\blinkLedCubeTool\Obj\system_stm32l4xx.o
#        --redirect _Printf=_PrintfFull --redirect _Scanf=_ScanfFull
#        --no_out_extension -o
#        C:\UW_GitRepo\embsys310\assignment03\blinkLedCubeTool\blinkLedCubeTool\EWARM\blinkLedCubeTool\Exe\blinkLedCubeTool.out
#        --map
#        C:\UW_GitRepo\embsys310\assignment03\blinkLedCubeTool\blinkLedCubeTool\EWARM\blinkLedCubeTool\List\blinkLedCubeTool.map
#        --config
#        C:\UW_GitRepo\embsys310\assignment03\blinkLedCubeTool\blinkLedCubeTool\EWARM/stm32l475xx_flash.icf
#        --semihosting --entry __iar_program_start --vfe --text_out locale)
#
###############################################################################

*******************************************************************************
*** RUNTIME MODEL ATTRIBUTES
***

CppFlavor       = *
__SystemLibrary = DLib
__dlib_version  = 6


*******************************************************************************
*** HEAP SELECTION
***

The basic heap was selected because some modules are built with
size limitations (and not runtime checking), and --advanced_heap
was not specified.


*******************************************************************************
*** PLACEMENT SUMMARY
***

"A0":  place at address 0x800'0000 { ro section .intvec };
"P1":  place in [from 0x800'0000 to 0x80f'ffff] { ro };
define block CSTACK with size = 1K, alignment = 8 { };
define block HEAP with size = 512, alignment = 8 { };
"P2":  place in [from 0x2000'0000 to 0x2001'7fff] {
          rw, block CSTACK, block HEAP };
"P3":  place in [from 0x2000'0000 to 0x2001'7fff] { };
initialize by copy { rw };

  Section            Kind         Address   Size  Object
  -------            ----         -------   ----  ------
"A0":                                      0x188
  .intvec            ro code   0x800'0000  0x188  startup_stm32l475xx.o [1]
                             - 0x800'0188  0x188

"P1":                                      0xf34
  .text              ro code   0x800'0188  0x6bc  stm32l4xx_hal_rcc.o [1]
  .text              ro code   0x800'0844   0x44  stm32l4xx_hal.o [1]
  .text              ro code   0x800'0888    0xc  stm32l4xx_hal.o [1]
  .text              ro code   0x800'0894   0x84  stm32l4xx_hal_pwr_ex.o [1]
  .text              ro code   0x800'0918   0xac  stm32l4xx_hal_cortex.o [1]
  .text              ro code   0x800'09c4  0x1ec  stm32l4xx_hal_gpio.o [1]
  .text              ro code   0x800'0bb0  0x128  main.o [1]
  .text              ro code   0x800'0cd8   0x1e  stm32l4xx_hal.o [1]
  .text              ro code   0x800'0cf6   0x14  memset.o [4]
  .text              ro code   0x800'0d0a   0x2e  copy_init3.o [4]
  .text              ro code   0x800'0d38   0x28  stm32l4xx_hal.o [1]
  .text              ro code   0x800'0d60   0x30  stm32l4xx_hal_msp.o [1]
  .text              ro code   0x800'0d90   0x66  ABImemset.o [4]
  .text              ro code   0x800'0df8   0x5c  system_stm32l4xx.o [1]
  .rodata            const     0x800'0e54   0x30  system_stm32l4xx.o [1]
  .text              ro code   0x800'0e84   0x28  data_init.o [4]
  .text              ro code   0x800'0eac   0x22  fpinit_M.o [3]
  .iar.init_table    const     0x800'0ed0   0x14  - Linker created -
  .text              ro code   0x800'0ee4   0x1e  cmain.o [4]
  .text              ro code   0x800'0f02    0x4  low_level_init.o [2]
  .text              ro code   0x800'0f06    0x4  exit.o [2]
  .text              ro code   0x800'0f0c    0xa  cexit.o [4]
  .text              ro code   0x800'0f18   0x14  exit.o [5]
  .text              ro code   0x800'0f2c   0x14  stm32l4xx_it.o [1]
  .text              ro code   0x800'0f40   0x10  stm32l4xx_hal.o [1]
  .text              ro code   0x800'0f50   0x10  startup_stm32l475xx.o [1]
  Initializer bytes  const     0x800'0f60   0x10  <for P2-P3-1>
  .text              ro code   0x800'0f70    0xc  cstartup_M.o [4]
  .text              ro code   0x800'0f7c    0x4  startup_stm32l475xx.o [1]
  .text              ro code   0x800'0f80    0x4  startup_stm32l475xx.o [1]
  .text              ro code   0x800'0f84    0x4  startup_stm32l475xx.o [1]
  .text              ro code   0x800'0f88    0x4  startup_stm32l475xx.o [1]
  .text              ro code   0x800'0f8c    0x4  startup_stm32l475xx.o [1]
  .text              ro code   0x800'0f90    0x4  startup_stm32l475xx.o [1]
  .text              ro code   0x800'0f94    0x4  startup_stm32l475xx.o [1]
  .text              ro code   0x800'0f98    0x4  startup_stm32l475xx.o [1]
  .text              ro code   0x800'0f9c    0x4  startup_stm32l475xx.o [1]
  .text              ro code   0x800'0fa0    0x4  startup_stm32l475xx.o [1]
  .text              ro code   0x800'0fa4    0x4  startup_stm32l475xx.o [1]
  .text              ro code   0x800'0fa8    0x4  startup_stm32l475xx.o [1]
  .text              ro code   0x800'0fac    0x4  startup_stm32l475xx.o [1]
  .text              ro code   0x800'0fb0    0x4  startup_stm32l475xx.o [1]
  .text              ro code   0x800'0fb4    0x4  startup_stm32l475xx.o [1]
  .text              ro code   0x800'0fb8    0x4  startup_stm32l475xx.o [1]
  .text              ro code   0x800'0fbc    0x4  startup_stm32l475xx.o [1]
  .text              ro code   0x800'0fc0    0x4  startup_stm32l475xx.o [1]
  .text              ro code   0x800'0fc4    0x4  startup_stm32l475xx.o [1]
  .text              ro code   0x800'0fc8    0x4  startup_stm32l475xx.o [1]
  .text              ro code   0x800'0fcc    0x4  startup_stm32l475xx.o [1]
  .text              ro code   0x800'0fd0    0x4  startup_stm32l475xx.o [1]
  .text              ro code   0x800'0fd4    0x4  startup_stm32l475xx.o [1]
  .text              ro code   0x800'0fd8    0x4  startup_stm32l475xx.o [1]
  .text              ro code   0x800'0fdc    0x4  startup_stm32l475xx.o [1]
  .text              ro code   0x800'0fe0    0x4  startup_stm32l475xx.o [1]
  .text              ro code   0x800'0fe4    0x4  startup_stm32l475xx.o [1]
  .text              ro code   0x800'0fe8    0x4  startup_stm32l475xx.o [1]
  .text              ro code   0x800'0fec    0x4  startup_stm32l475xx.o [1]
  .text              ro code   0x800'0ff0    0x4  startup_stm32l475xx.o [1]
  .text              ro code   0x800'0ff4    0x4  startup_stm32l475xx.o [1]
  .text              ro code   0x800'0ff8    0x4  startup_stm32l475xx.o [1]
  .text              ro code   0x800'0ffc    0x4  startup_stm32l475xx.o [1]
  .text              ro code   0x800'1000    0x4  startup_stm32l475xx.o [1]
  .text              ro code   0x800'1004    0x4  startup_stm32l475xx.o [1]
  .text              ro code   0x800'1008    0x4  startup_stm32l475xx.o [1]
  .text              ro code   0x800'100c    0x4  startup_stm32l475xx.o [1]
  .text              ro code   0x800'1010    0x4  startup_stm32l475xx.o [1]
  .text              ro code   0x800'1014    0x4  startup_stm32l475xx.o [1]
  .text              ro code   0x800'1018    0x4  startup_stm32l475xx.o [1]
  .text              ro code   0x800'101c    0x4  startup_stm32l475xx.o [1]
  .text              ro code   0x800'1020    0x4  startup_stm32l475xx.o [1]
  .text              ro code   0x800'1024    0x4  startup_stm32l475xx.o [1]
  .text              ro code   0x800'1028    0x4  startup_stm32l475xx.o [1]
  .text              ro code   0x800'102c    0x4  startup_stm32l475xx.o [1]
  .text              ro code   0x800'1030    0x4  startup_stm32l475xx.o [1]
  .text              ro code   0x800'1034    0x4  startup_stm32l475xx.o [1]
  .text              ro code   0x800'1038    0x4  startup_stm32l475xx.o [1]
  .text              ro code   0x800'103c    0x4  startup_stm32l475xx.o [1]
  .text              ro code   0x800'1040    0x4  startup_stm32l475xx.o [1]
  .text              ro code   0x800'1044    0x4  startup_stm32l475xx.o [1]
  .text              ro code   0x800'1048    0x4  startup_stm32l475xx.o [1]
  .text              ro code   0x800'104c    0x4  startup_stm32l475xx.o [1]
  .text              ro code   0x800'1050    0x4  startup_stm32l475xx.o [1]
  .text              ro code   0x800'1054    0x4  startup_stm32l475xx.o [1]
  .text              ro code   0x800'1058    0x4  startup_stm32l475xx.o [1]
  .text              ro code   0x800'105c    0x4  startup_stm32l475xx.o [1]
  .text              ro code   0x800'1060    0x4  startup_stm32l475xx.o [1]
  .text              ro code   0x800'1064    0x4  startup_stm32l475xx.o [1]
  .text              ro code   0x800'1068    0x4  startup_stm32l475xx.o [1]
  .text              ro code   0x800'106c    0x4  startup_stm32l475xx.o [1]
  .text              ro code   0x800'1070    0x4  startup_stm32l475xx.o [1]
  .text              ro code   0x800'1074    0x4  startup_stm32l475xx.o [1]
  .text              ro code   0x800'1078    0x4  startup_stm32l475xx.o [1]
  .text              ro code   0x800'107c    0x4  startup_stm32l475xx.o [1]
  .text              ro code   0x800'1080    0x4  startup_stm32l475xx.o [1]
  .text              ro code   0x800'1084    0x4  startup_stm32l475xx.o [1]
  .text              ro code   0x800'1088    0x4  startup_stm32l475xx.o [1]
  .text              ro code   0x800'108c    0x4  startup_stm32l475xx.o [1]
  .text              ro code   0x800'1090    0x4  startup_stm32l475xx.o [1]
  .text              ro code   0x800'1094    0x4  startup_stm32l475xx.o [1]
  .text              ro code   0x800'1098    0x4  startup_stm32l475xx.o [1]
  .text              ro code   0x800'109c    0x4  startup_stm32l475xx.o [1]
  .text              ro code   0x800'10a0    0x4  startup_stm32l475xx.o [1]
  .text              ro code   0x800'10a4    0x4  startup_stm32l475xx.o [1]
  .text              ro code   0x800'10a8    0x4  startup_stm32l475xx.o [1]
  .text              ro code   0x800'10ac    0x4  startup_stm32l475xx.o [1]
  .text              ro code   0x800'10b0    0x4  startup_stm32l475xx.o [1]
  .text              ro code   0x800'10b4    0x4  startup_stm32l475xx.o [1]
  .text              ro code   0x800'10b8    0x4  startup_stm32l475xx.o [1]
  .rodata            const     0x800'10bc    0x0  copy_init3.o [4]
                             - 0x800'10bc  0xf34

"P2-P3", part 1 of 2:                       0x10
  P2-P3-1                     0x2000'0000   0x10  <Init block>
    .data            inited   0x2000'0000    0xc  stm32l4xx_hal.o [1]
    .data            inited   0x2000'000c    0x4  system_stm32l4xx.o [1]
                            - 0x2000'0010   0x10

"P2-P3", part 2 of 2:                      0x400
  CSTACK                      0x2000'0010  0x400  <Block>
    CSTACK           uninit   0x2000'0010  0x400  <Block tail>
                            - 0x2000'0410  0x400

Unused ranges:

         From           To      Size
         ----           --      ----
   0x800'10bc   0x80f'ffff  0xf'ef44
  0x2000'0410  0x2001'7fff  0x1'7bf0


*******************************************************************************
*** INIT TABLE
***

          Address      Size
          -------      ----
Copy (__iar_copy_init3)
    1 source range, total size 0x10:
           0x800'0f60  0x10
    1 destination range, total size 0x10:
          0x2000'0000  0x10



*******************************************************************************
*** MODULE SUMMARY
***

    Module                  ro code  ro data  rw data
    ------                  -------  -------  -------
command line/config:
    -------------------------------------------------
    Total:

C:\UW_GitRepo\embsys310\assignment03\blinkLedCubeTool\blinkLedCubeTool\EWARM\blinkLedCubeTool\Obj: [1]
    main.o                      296
    startup_stm32l475xx.o       728
    stm32l4xx_hal.o             166       12       12
    stm32l4xx_hal_cortex.o      172
    stm32l4xx_hal_gpio.o        492
    stm32l4xx_hal_msp.o          48
    stm32l4xx_hal_pwr_ex.o      132
    stm32l4xx_hal_rcc.o       1'724
    stm32l4xx_it.o               20
    system_stm32l4xx.o           92       52        4
    -------------------------------------------------
    Total:                    3'870       64       16

dl7M_tln.a: [2]
    exit.o                        4
    low_level_init.o              4
    -------------------------------------------------
    Total:                        8

m7M_tls.a: [3]
    fpinit_M.o                   34
    -------------------------------------------------
    Total:                       34

rt7M_tl.a: [4]
    ABImemset.o                 102
    cexit.o                      10
    cmain.o                      30
    copy_init3.o                 46
    cstartup_M.o                 12
    data_init.o                  40
    memset.o                     20
    -------------------------------------------------
    Total:                      260

shb_l.a: [5]
    exit.o                       20
    -------------------------------------------------
    Total:                       20

    Gaps                          6        2
    Linker created                        20    1'024
-----------------------------------------------------
    Grand Total:              4'198       86    1'040


*******************************************************************************
*** ENTRY LIST
***

Entry                       Address   Size  Type      Object
-----                       -------   ----  ----      ------
.iar.init_table$$Base    0x800'0ed0          --   Gb  - Linker created -
.iar.init_table$$Limit   0x800'0ee4          --   Gb  - Linker created -
?main                    0x800'0ee5         Code  Gb  cmain.o [4]
AHBPrescTable            0x800'0e44   0x10  Data  Gb  system_stm32l4xx.o [1]
BusFault_Handler         0x800'0f33    0x2  Code  Gb  stm32l4xx_it.o [1]
CSTACK$$Base            0x2000'0010          --   Gb  - Linker created -
CSTACK$$Limit           0x2000'0410          --   Gb  - Linker created -
DebugMon_Handler         0x800'0f39    0x2  Code  Gb  stm32l4xx_it.o [1]
HAL_Delay                0x800'0d39   0x28  Code  Wk  stm32l4xx_hal.o [1]
HAL_GPIO_Init            0x800'09c5  0x1bc  Code  Gb  stm32l4xx_hal_gpio.o [1]
HAL_GPIO_WritePin        0x800'0b81    0xa  Code  Gb  stm32l4xx_hal_gpio.o [1]
HAL_GetTick              0x800'0889    0xc  Code  Wk  stm32l4xx_hal.o [1]
HAL_IncTick              0x800'0f41   0x10  Code  Wk  stm32l4xx_hal.o [1]
HAL_Init                 0x800'0cd9   0x1e  Code  Gb  stm32l4xx_hal.o [1]
HAL_InitTick             0x800'0845   0x44  Code  Wk  stm32l4xx_hal.o [1]
HAL_MspInit              0x800'0d61   0x30  Code  Gb  stm32l4xx_hal_msp.o [1]
HAL_NVIC_SetPriority     0x800'094d   0x3a  Code  Gb  stm32l4xx_hal_cortex.o [1]
HAL_NVIC_SetPriorityGrouping
                         0x800'0933   0x1a  Code  Gb  stm32l4xx_hal_cortex.o [1]
HAL_PWREx_ControlVoltageScaling
                         0x800'08a1   0x5c  Code  Gb  stm32l4xx_hal_pwr_ex.o [1]
HAL_PWREx_GetVoltageRange
                         0x800'0895    0xc  Code  Gb  stm32l4xx_hal_pwr_ex.o [1]
HAL_RCC_ClockConfig      0x800'05f3  0x100  Code  Gb  stm32l4xx_hal_rcc.o [1]
HAL_RCC_GetSysClockFreq
                         0x800'0707   0x92  Code  Gb  stm32l4xx_hal_rcc.o [1]
HAL_RCC_OscConfig        0x800'0189  0x43e  Code  Gb  stm32l4xx_hal_rcc.o [1]
HAL_SYSTICK_Config       0x800'0989   0x28  Code  Gb  stm32l4xx_hal_cortex.o [1]
HardFault_Handler        0x800'0f2f    0x2  Code  Gb  stm32l4xx_it.o [1]
MSIRangeTable            0x800'0e54   0x30  Data  Gb  system_stm32l4xx.o [1]
MemManage_Handler        0x800'0f31    0x2  Code  Gb  stm32l4xx_it.o [1]
NMI_Handler              0x800'0f2d    0x2  Code  Gb  stm32l4xx_it.o [1]
PendSV_Handler           0x800'0f3b    0x2  Code  Gb  stm32l4xx_it.o [1]
RCC_SetFlashLatencyFromMSIRange
                         0x800'0799   0x74  Code  Lc  stm32l4xx_hal_rcc.o [1]
Region$$Table$$Base      0x800'0ed0          --   Gb  - Linker created -
Region$$Table$$Limit     0x800'0ee4          --   Gb  - Linker created -
SVC_Handler              0x800'0f37    0x2  Code  Gb  stm32l4xx_it.o [1]
SysTick_Handler          0x800'0f3d    0x4  Code  Gb  stm32l4xx_it.o [1]
SystemClock_Config       0x800'0c6f   0x6a  Code  Gb  main.o [1]
SystemCoreClock         0x2000'000c    0x4  Data  Gb  system_stm32l4xx.o [1]
SystemInit               0x800'0df9   0x3c  Code  Gb  system_stm32l4xx.o [1]
UsageFault_Handler       0x800'0f35    0x2  Code  Gb  stm32l4xx_it.o [1]
__NVIC_SetPriority       0x800'0919   0x1a  Code  Lc  stm32l4xx_hal_cortex.o [1]
__aeabi_memset           0x800'0d91         Code  Gb  ABImemset.o [4]
__cmain                  0x800'0ee5         Code  Gb  cmain.o [4]
__exit                   0x800'0f19   0x14  Code  Gb  exit.o [5]
__iar_Memset             0x800'0d91         Code  Gb  ABImemset.o [4]
__iar_Memset_word        0x800'0d99         Code  Gb  ABImemset.o [4]
__iar_copy_init3         0x800'0d0b   0x2e  Code  Gb  copy_init3.o [4]
__iar_data_init3         0x800'0e85   0x28  Code  Gb  data_init.o [4]
__iar_init_vfp           0x800'0ead         Code  Gb  fpinit_M.o [3]
__iar_program_start      0x800'0f71         Code  Gb  cstartup_M.o [4]
__low_level_init         0x800'0f03    0x4  Code  Gb  low_level_init.o [2]
__vector_table           0x800'0000         Data  Gb  startup_stm32l475xx.o [1]
_call_main               0x800'0ef1         Code  Gb  cmain.o [4]
_exit                    0x800'0f0d         Code  Gb  cexit.o [4]
_main                    0x800'0eff         Code  Gb  cmain.o [4]
exit                     0x800'0f07    0x4  Code  Gb  exit.o [2]
main                     0x800'0bb1   0x9a  Code  Gb  main.o [1]
memset                   0x800'0cf7   0x14  Code  Gb  memset.o [4]
uwTick                  0x2000'0004    0x4  Data  Gb  stm32l4xx_hal.o [1]
uwTickFreq              0x2000'0000    0x1  Data  Gb  stm32l4xx_hal.o [1]
uwTickPrio              0x2000'0008    0x4  Data  Gb  stm32l4xx_hal.o [1]


[1] = C:\UW_GitRepo\embsys310\assignment03\blinkLedCubeTool\blinkLedCubeTool\EWARM\blinkLedCubeTool\Obj
[2] = dl7M_tln.a
[3] = m7M_tls.a
[4] = rt7M_tl.a
[5] = shb_l.a

  4'198 bytes of readonly  code memory
     86 bytes of readonly  data memory
  1'040 bytes of readwrite data memory

Errors: none
Warnings: none
